Copyright 1986-2023 Xilinx, Inc. All Rights Reserved.
-------------------------------------------------------------------------------------------------------
| Tool Version : Vivado v2023.2
| Design       : top
| Device       : xc7a35tcpg236-1
| Design State : Fully Placed
-------------------------------------------------------------------------------------------------------

1. Slice Logic
--------------

+----------------------------+------+-------+------------+-----------+-------+
|          Site Type         | Used | Fixed | Prohibited | Available | Util% |
+----------------------------+------+-------+------------+-----------+-------+
| Slice LUTs                 |  387 |     0 |          0 |     20800 |  1.86 |
|   LUT as Logic             |  371 |     0 |          0 |     20800 |  1.78 |
|   LUT as Memory            |   16 |     0 |          0 |      9600 |  0.17 |
| Slice Registers            |  294 |     0 |          0 |     41600 |  0.71 |
|   Register as Flip Flop    |  294 |     0 |          0 |     41600 |  0.71 |
| Block RAM Tile             |    2 |     0 |          0 |        50 |  4.00 |
| DSPs                       |    0 |     0 |          0 |        90 |  0.00 |
+----------------------------+------+-------+------------+-----------+-------+

Hierarchical LUT Usage
----------------------

+----------------------------+------+-----+-------+------+
|          Instance          | LUTs | FFs | BRAMs | DSPs |
+----------------------------+------+-----+-------+------+
| top                        |  387 | 294 |     2 |    0 |
|   (top)                    |   18 |  12 |     0 |    0 |
|   u_blinky                 |   24 |  18 |     0 |    0 |
|   u_cfg_sync               |   47 |  38 |     0 |    0 |
|   u_pwm_controller         |   89 |  72 |     0 |    0 |
|   u_traffic_light          |  209 | 154 |     2 |    0 |
+----------------------------+------+-----+-------+------+
